[NbConvertApp] Converting notebook sald_validation_ou_mixture.ipynb to notebook
Traceback (most recent call last):
  File "/home/nitanda_sub/mark_env/env/py_3116_diversity_dake/bin/jupyter-nbconvert", line 7, in <module>
    sys.exit(main())
             ^^^^^^
  File "/home/nitanda_sub/mark_env/env/py_3116_diversity_dake/lib/python3.11/site-packages/jupyter_core/application.py", line 284, in launch_instance
    super().launch_instance(argv=argv, **kwargs)
  File "/home/nitanda_sub/mark_env/env/py_3116_diversity_dake/lib/python3.11/site-packages/traitlets/config/application.py", line 1075, in launch_instance
    app.start()
  File "/home/nitanda_sub/mark_env/env/py_3116_diversity_dake/lib/python3.11/site-packages/nbconvert/nbconvertapp.py", line 420, in start
    self.convert_notebooks()
  File "/home/nitanda_sub/mark_env/env/py_3116_diversity_dake/lib/python3.11/site-packages/nbconvert/nbconvertapp.py", line 597, in convert_notebooks
    self.convert_single_notebook(notebook_filename)
  File "/home/nitanda_sub/mark_env/env/py_3116_diversity_dake/lib/python3.11/site-packages/nbconvert/nbconvertapp.py", line 563, in convert_single_notebook
    output, resources = self.export_single_notebook(
                        ^^^^^^^^^^^^^^^^^^^^^^^^^^^^
  File "/home/nitanda_sub/mark_env/env/py_3116_diversity_dake/lib/python3.11/site-packages/nbconvert/nbconvertapp.py", line 487, in export_single_notebook
    output, resources = self.exporter.from_filename(
                        ^^^^^^^^^^^^^^^^^^^^^^^^^^^^
  File "/home/nitanda_sub/mark_env/env/py_3116_diversity_dake/lib/python3.11/site-packages/nbconvert/exporters/exporter.py", line 201, in from_filename
    return self.from_file(f, resources=resources, **kw)
           ^^^^^^^^^^^^^^^^^^^^^^^^^^^^^^^^^^^^^^^^^^^^
  File "/home/nitanda_sub/mark_env/env/py_3116_diversity_dake/lib/python3.11/site-packages/nbconvert/exporters/exporter.py", line 220, in from_file
    return self.from_notebook_node(
           ^^^^^^^^^^^^^^^^^^^^^^^^
  File "/home/nitanda_sub/mark_env/env/py_3116_diversity_dake/lib/python3.11/site-packages/nbconvert/exporters/notebook.py", line 36, in from_notebook_node
    nb_copy, resources = super().from_notebook_node(nb, resources, **kw)
                         ^^^^^^^^^^^^^^^^^^^^^^^^^^^^^^^^^^^^^^^^^^^^^^^
  File "/home/nitanda_sub/mark_env/env/py_3116_diversity_dake/lib/python3.11/site-packages/nbconvert/exporters/exporter.py", line 154, in from_notebook_node
    nb_copy, resources = self._preprocess(nb_copy, resources)
                         ^^^^^^^^^^^^^^^^^^^^^^^^^^^^^^^^^^^^
  File "/home/nitanda_sub/mark_env/env/py_3116_diversity_dake/lib/python3.11/site-packages/nbconvert/exporters/exporter.py", line 353, in _preprocess
    nbc, resc = preprocessor(nbc, resc)
                ^^^^^^^^^^^^^^^^^^^^^^^
  File "/home/nitanda_sub/mark_env/env/py_3116_diversity_dake/lib/python3.11/site-packages/nbconvert/preprocessors/base.py", line 48, in __call__
    return self.preprocess(nb, resources)
           ^^^^^^^^^^^^^^^^^^^^^^^^^^^^^^
  File "/home/nitanda_sub/mark_env/env/py_3116_diversity_dake/lib/python3.11/site-packages/nbconvert/preprocessors/execute.py", line 103, in preprocess
    self.preprocess_cell(cell, resources, index)
  File "/home/nitanda_sub/mark_env/env/py_3116_diversity_dake/lib/python3.11/site-packages/nbconvert/preprocessors/execute.py", line 124, in preprocess_cell
    cell = self.execute_cell(cell, index, store_history=True)
           ^^^^^^^^^^^^^^^^^^^^^^^^^^^^^^^^^^^^^^^^^^^^^^^^^^
  File "/home/nitanda_sub/mark_env/env/py_3116_diversity_dake/lib/python3.11/site-packages/jupyter_core/utils/__init__.py", line 165, in wrapped
    return loop.run_until_complete(inner)
           ^^^^^^^^^^^^^^^^^^^^^^^^^^^^^^
  File "/home/nitanda_sub/naganuma_ws/env/pyenv/versions/3.11.6/lib/python3.11/asyncio/base_events.py", line 653, in run_until_complete
    return future.result()
           ^^^^^^^^^^^^^^^
  File "/home/nitanda_sub/mark_env/env/py_3116_diversity_dake/lib/python3.11/site-packages/nbclient/client.py", line 1062, in async_execute_cell
    await self._check_raise_for_error(cell, cell_index, exec_reply)
  File "/home/nitanda_sub/mark_env/env/py_3116_diversity_dake/lib/python3.11/site-packages/nbclient/client.py", line 918, in _check_raise_for_error
    raise CellExecutionError.from_cell_and_msg(cell, exec_reply_content)
nbclient.exceptions.CellExecutionError: An error occurred while executing the following cell:
------------------
guided_samples_fig = make_guided_sample_grid(
    guided_suite,
    selected_r=guided_plot_r,
    x_lim=(GUIDED_EXPERIMENT['field_x_min'], GUIDED_EXPERIMENT['field_x_max']),
    y_lim=(GUIDED_EXPERIMENT['field_y_min'], GUIDED_EXPERIMENT['field_y_max']),
)
guided_samples_fig.savefig(
    OUTPUT_DIR / f'guided_samples_{GUIDED_RUN_NAME}.png',
    dpi=220,
    bbox_inches='tight',
)
guided_samples_fig

------------------

----- stdout -----
Error in callback <function _draw_all_if_interactive at 0x14ee81923240> (for post_execute), with arguments args (),kwargs {}:
------------------

[31m---------------------------------------------------------------------------[39m
[31mValueError[39m                                Traceback (most recent call last)
[36mFile [39m[32m~/mark_env/env/py_3116_diversity_dake/lib/python3.11/site-packages/IPython/core/formatters.py:402[39m, in [36mBaseFormatter.__call__[39m[34m(self, obj)[39m
[32m    400[39m     [38;5;28;01mpass[39;00m
[32m    401[39m [38;5;28;01melse[39;00m:
[32m--> [39m[32m402[39m     [38;5;28;01mreturn[39;00m [43mprinter[49m[43m([49m[43mobj[49m[43m)[49m
[32m    403[39m [38;5;66;03m# Finally look for special method names[39;00m
[32m    404[39m method = get_real_method(obj, [38;5;28mself[39m.print_method)

[36mFile [39m[32m~/mark_env/env/py_3116_diversity_dake/lib/python3.11/site-packages/IPython/core/pylabtools.py:170[39m, in [36mprint_figure[39m[34m(fig, fmt, bbox_inches, base64, **kwargs)[39m
[32m    167[39m     [38;5;28;01mfrom[39;00m[38;5;250m [39m[34;01mmatplotlib[39;00m[34;01m.[39;00m[34;01mbackend_bases[39;00m[38;5;250m [39m[38;5;28;01mimport[39;00m FigureCanvasBase
[32m    168[39m     FigureCanvasBase(fig)
[32m--> [39m[32m170[39m [43mfig[49m[43m.[49m[43mcanvas[49m[43m.[49m[43mprint_figure[49m[43m([49m[43mbytes_io[49m[43m,[49m[43m [49m[43m*[49m[43m*[49m[43mkw[49m[43m)[49m
[32m    171[39m data = bytes_io.getvalue()
[32m    172[39m [38;5;28;01mif[39;00m fmt == [33m'[39m[33msvg[39m[33m'[39m:

[36mFile [39m[32m~/mark_env/env/py_3116_diversity_dake/lib/python3.11/site-packages/matplotlib/backend_bases.py:2157[39m, in [36mFigureCanvasBase.print_figure[39m[34m(self, filename, dpi, facecolor, edgecolor, orientation, format, bbox_inches, pad_inches, bbox_extra_artists, backend, **kwargs)[39m
[32m   2154[39m     [38;5;66;03m# we do this instead of `self.figure.draw_without_rendering`[39;00m
[32m   2155[39m     [38;5;66;03m# so that we can inject the orientation[39;00m
[32m   2156[39m     [38;5;28;01mwith[39;00m [38;5;28mgetattr[39m(renderer, [33m"[39m[33m_draw_disabled[39m[33m"[39m, nullcontext)():
[32m-> [39m[32m2157[39m         [38;5;28;43mself[39;49m[43m.[49m[43mfigure[49m[43m.[49m[43mdraw[49m[43m([49m[43mrenderer[49m[43m)[49m
[32m   2158[39m [38;5;28;01mif[39;00m bbox_inches:
[32m   2159[39m     [38;5;28;01mif[39;00m bbox_inches == [33m"[39m[33mtight[39m[33m"[39m:

[36mFile [39m[32m~/mark_env/env/py_3116_diversity_dake/lib/python3.11/site-packages/matplotlib/artist.py:94[39m, in [36m_finalize_rasterization.<locals>.draw_wrapper[39m[34m(artist, renderer, *args, **kwargs)[39m
[32m     92[39m [38;5;129m@wraps[39m(draw)
[32m     93[39m [38;5;28;01mdef[39;00m[38;5;250m [39m[34mdraw_wrapper[39m(artist, renderer, *args, **kwargs):
[32m---> [39m[32m94[39m     result = [43mdraw[49m[43m([49m[43martist[49m[43m,[49m[43m [49m[43mrenderer[49m[43m,[49m[43m [49m[43m*[49m[43margs[49m[43m,[49m[43m [49m[43m*[49m[43m*[49m[43mkwargs[49m[43m)[49m
[32m     95[39m     [38;5;28;01mif[39;00m renderer._rasterizing:
[32m     96[39m         renderer.stop_rasterizing()

[36mFile [39m[32m~/mark_env/env/py_3116_diversity_dake/lib/python3.11/site-packages/matplotlib/artist.py:71[39m, in [36mallow_rasterization.<locals>.draw_wrapper[39m[34m(artist, renderer)[39m
[32m     68[39m     [38;5;28;01mif[39;00m artist.get_agg_filter() [38;5;129;01mis[39;00m [38;5;129;01mnot[39;00m [38;5;28;01mNone[39;00m:
[32m     69[39m         renderer.start_filter()
[32m---> [39m[32m71[39m     [38;5;28;01mreturn[39;00m [43mdraw[49m[43m([49m[43martist[49m[43m,[49m[43m [49m[43mrenderer[49m[43m)[49m
[32m     72[39m [38;5;28;01mfinally[39;00m:
[32m     73[39m     [38;5;28;01mif[39;00m artist.get_agg_filter() [38;5;129;01mis[39;00m [38;5;129;01mnot[39;00m [38;5;28;01mNone[39;00m:

[36mFile [39m[32m~/mark_env/env/py_3116_diversity_dake/lib/python3.11/site-packages/matplotlib/figure.py:3257[39m, in [36mFigure.draw[39m[34m(self, renderer)[39m
[32m   3254[39m             [38;5;66;03m# ValueError can occur when resizing a window.[39;00m
[32m   3256[39m     [38;5;28mself[39m.patch.draw(renderer)
[32m-> [39m[32m3257[39m     [43mmimage[49m[43m.[49m[43m_draw_list_compositing_images[49m[43m([49m
[32m   3258[39m [43m        [49m[43mrenderer[49m[43m,[49m[43m [49m[38;5;28;43mself[39;49m[43m,[49m[43m [49m[43martists[49m[43m,[49m[43m [49m[38;5;28;43mself[39;49m[43m.[49m[43msuppressComposite[49m[43m)[49m
[32m   3260[39m     renderer.close_group([33m'[39m[33mfigure[39m[33m'[39m)
[32m   3261[39m [38;5;28;01mfinally[39;00m:

[36mFile [39m[32m~/mark_env/env/py_3116_diversity_dake/lib/python3.11/site-packages/matplotlib/image.py:134[39m, in [36m_draw_list_compositing_images[39m[34m(renderer, parent, artists, suppress_composite)[39m
[32m    132[39m [38;5;28;01mif[39;00m not_composite [38;5;129;01mor[39;00m [38;5;129;01mnot[39;00m has_images:
[32m    133[39m     [38;5;28;01mfor[39;00m a [38;5;129;01min[39;00m artists:
[32m--> [39m[32m134[39m         [43ma[49m[43m.[49m[43mdraw[49m[43m([49m[43mrenderer[49m[43m)[49m
[32m    135[39m [38;5;28;01melse[39;00m:
[32m    136[39m     [38;5;66;03m# Composite any adjacent images together[39;00m
[32m    137[39m     image_group = []

[36mFile [39m[32m~/mark_env/env/py_3116_diversity_dake/lib/python3.11/site-packages/matplotlib/artist.py:71[39m, in [36mallow_rasterization.<locals>.draw_wrapper[39m[34m(artist, renderer)[39m
[32m     68[39m     [38;5;28;01mif[39;00m artist.get_agg_filter() [38;5;129;01mis[39;00m [38;5;129;01mnot[39;00m [38;5;28;01mNone[39;00m:
[32m     69[39m         renderer.start_filter()
[32m---> [39m[32m71[39m     [38;5;28;01mreturn[39;00m [43mdraw[49m[43m([49m[43martist[49m[43m,[49m[43m [49m[43mrenderer[49m[43m)[49m
[32m     72[39m [38;5;28;01mfinally[39;00m:
[32m     73[39m     [38;5;28;01mif[39;00m artist.get_agg_filter() [38;5;129;01mis[39;00m [38;5;129;01mnot[39;00m [38;5;28;01mNone[39;00m:

[36mFile [39m[32m~/mark_env/env/py_3116_diversity_dake/lib/python3.11/site-packages/matplotlib/axes/_base.py:3190[39m, in [36m_AxesBase.draw[39m[34m(self, renderer)[39m
[32m   3187[39m     [38;5;28;01mfor[39;00m spine [38;5;129;01min[39;00m [38;5;28mself[39m.spines.values():
[32m   3188[39m         artists.remove(spine)
[32m-> [39m[32m3190[39m [38;5;28;43mself[39;49m[43m.[49m[43m_update_title_position[49m[43m([49m[43mrenderer[49m[43m)[49m
[32m   3192[39m [38;5;28;01mif[39;00m [38;5;129;01mnot[39;00m [38;5;28mself[39m.axison:
[32m   3193[39m     [38;5;28;01mfor[39;00m _axis [38;5;129;01min[39;00m [38;5;28mself[39m._axis_map.values():

[36mFile [39m[32m~/mark_env/env/py_3116_diversity_dake/lib/python3.11/site-packages/matplotlib/axes/_base.py:3144[39m, in [36m_AxesBase._update_title_position[39m[34m(self, renderer)[39m
[32m   3142[39m     _log.debug([33m'[39m[33mtop of Axes not in the figure, so title not moved[39m[33m'[39m)
[32m   3143[39m     [38;5;28;01mreturn[39;00m
[32m-> [39m[32m3144[39m [38;5;28;01mif[39;00m [43mtitle[49m[43m.[49m[43mget_window_extent[49m[43m([49m[43mrenderer[49m[43m)[49m.ymin < top:
[32m   3145[39m     _, y = [38;5;28mself[39m.transAxes.inverted().transform(([32m0[39m, top))
[32m   3146[39m     title.set_position((x, y))

[36mFile [39m[32m~/mark_env/env/py_3116_diversity_dake/lib/python3.11/site-packages/matplotlib/text.py:969[39m, in [36mText.get_window_extent[39m[34m(self, renderer, dpi)[39m
[32m    964[39m     [38;5;28;01mraise[39;00m [38;5;167;01mRuntimeError[39;00m(
[32m    965[39m         [33m"[39m[33mCannot get window extent of text w/o renderer. You likely [39m[33m"[39m
[32m    966[39m         [33m"[39m[33mwant to call [39m[33m'[39m[33mfigure.draw_without_rendering()[39m[33m'[39m[33m first.[39m[33m"[39m)
[32m    968[39m [38;5;28;01mwith[39;00m cbook._setattr_cm(fig, dpi=dpi):
[32m--> [39m[32m969[39m     bbox, info, descent = [38;5;28;43mself[39;49m[43m.[49m[43m_get_layout[49m[43m([49m[38;5;28;43mself[39;49m[43m.[49m[43m_renderer[49m[43m)[49m
[32m    970[39m     x, y = [38;5;28mself[39m.get_unitless_position()
[32m    971[39m     x, y = [38;5;28mself[39m.get_transform().transform((x, y))

[36mFile [39m[32m~/mark_env/env/py_3116_diversity_dake/lib/python3.11/site-packages/matplotlib/text.py:382[39m, in [36mText._get_layout[39m[34m(self, renderer)[39m
[32m    380[39m clean_line, ismath = [38;5;28mself[39m._preprocess_math(line)
[32m    381[39m [38;5;28;01mif[39;00m clean_line:
[32m--> [39m[32m382[39m     w, h, d = [43m_get_text_metrics_with_cache[49m[43m([49m
[32m    383[39m [43m        [49m[43mrenderer[49m[43m,[49m[43m [49m[43mclean_line[49m[43m,[49m[43m [49m[38;5;28;43mself[39;49m[43m.[49m[43m_fontproperties[49m[43m,[49m
[32m    384[39m [43m        [49m[43mismath[49m[43m=[49m[43mismath[49m[43m,[49m[43m [49m[43mdpi[49m[43m=[49m[38;5;28;43mself[39;49m[43m.[49m[43mget_figure[49m[43m([49m[43mroot[49m[43m=[49m[38;5;28;43;01mTrue[39;49;00m[43m)[49m[43m.[49m[43mdpi[49m[43m)[49m
[32m    385[39m [38;5;28;01melse[39;00m:
[32m    386[39m     w = h = d = [32m0[39m

[36mFile [39m[32m~/mark_env/env/py_3116_diversity_dake/lib/python3.11/site-packages/matplotlib/text.py:69[39m, in [36m_get_text_metrics_with_cache[39m[34m(renderer, text, fontprop, ismath, dpi)[39m
[32m     66[39m [38;5;250m[39m[33;03m"""Call ``renderer.get_text_width_height_descent``, caching the results."""[39;00m
[32m     67[39m [38;5;66;03m# Cached based on a copy of fontprop so that later in-place mutations of[39;00m
[32m     68[39m [38;5;66;03m# the passed-in argument do not mess up the cache.[39;00m
[32m---> [39m[32m69[39m [38;5;28;01mreturn[39;00m [43m_get_text_metrics_with_cache_impl[49m[43m([49m
[32m     70[39m [43m    [49m[43mweakref[49m[43m.[49m[43mref[49m[43m([49m[43mrenderer[49m[43m)[49m[43m,[49m[43m [49m[43mtext[49m[43m,[49m[43m [49m[43mfontprop[49m[43m.[49m[43mcopy[49m[43m([49m[43m)[49m[43m,[49m[43m [49m[43mismath[49m[43m,[49m[43m [49m[43mdpi[49m[43m)[49m

[36mFile [39m[32m~/mark_env/env/py_3116_diversity_dake/lib/python3.11/site-packages/matplotlib/text.py:77[39m, in [36m_get_text_metrics_with_cache_impl[39m[34m(renderer_ref, text, fontprop, ismath, dpi)[39m
[32m     73[39m [38;5;129m@functools[39m.lru_cache([32m4096[39m)
[32m     74[39m [38;5;28;01mdef[39;00m[38;5;250m [39m[34m_get_text_metrics_with_cache_impl[39m(
[32m     75[39m         renderer_ref, text, fontprop, ismath, dpi):
[32m     76[39m     [38;5;66;03m# dpi is unused, but participates in cache invalidation (via the renderer).[39;00m
[32m---> [39m[32m77[39m     [38;5;28;01mreturn[39;00m [43mrenderer_ref[49m[43m([49m[43m)[49m[43m.[49m[43mget_text_width_height_descent[49m[43m([49m[43mtext[49m[43m,[49m[43m [49m[43mfontprop[49m[43m,[49m[43m [49m[43mismath[49m[43m)[49m

[36mFile [39m[32m~/mark_env/env/py_3116_diversity_dake/lib/python3.11/site-packages/matplotlib/backends/backend_agg.py:215[39m, in [36mRendererAgg.get_text_width_height_descent[39m[34m(self, s, prop, ismath)[39m
[32m    211[39m     [38;5;28;01mreturn[39;00m [38;5;28msuper[39m().get_text_width_height_descent(s, prop, ismath)
[32m    213[39m [38;5;28;01mif[39;00m ismath:
[32m    214[39m     ox, oy, width, height, descent, font_image = \
[32m--> [39m[32m215[39m         [38;5;28;43mself[39;49m[43m.[49m[43mmathtext_parser[49m[43m.[49m[43mparse[49m[43m([49m[43ms[49m[43m,[49m[43m [49m[38;5;28;43mself[39;49m[43m.[49m[43mdpi[49m[43m,[49m[43m [49m[43mprop[49m[43m)[49m
[32m    216[39m     [38;5;28;01mreturn[39;00m width, height, descent
[32m    218[39m font = [38;5;28mself[39m._prepare_font(prop)

[36mFile [39m[32m~/mark_env/env/py_3116_diversity_dake/lib/python3.11/site-packages/matplotlib/mathtext.py:86[39m, in [36mMathTextParser.parse[39m[34m(self, s, dpi, prop, antialiased)[39m
[32m     81[39m [38;5;28;01mfrom[39;00m[38;5;250m [39m[34;01mmatplotlib[39;00m[34;01m.[39;00m[34;01mbackends[39;00m[38;5;250m [39m[38;5;28;01mimport[39;00m backend_agg
[32m     82[39m load_glyph_flags = {
[32m     83[39m     [33m"[39m[33mvector[39m[33m"[39m: LoadFlags.NO_HINTING,
[32m     84[39m     [33m"[39m[33mraster[39m[33m"[39m: backend_agg.get_hinting_flag(),
[32m     85[39m }[[38;5;28mself[39m._output_type]
[32m---> [39m[32m86[39m [38;5;28;01mreturn[39;00m [38;5;28;43mself[39;49m[43m.[49m[43m_parse_cached[49m[43m([49m[43ms[49m[43m,[49m[43m [49m[43mdpi[49m[43m,[49m[43m [49m[43mprop[49m[43m,[49m[43m [49m[43mantialiased[49m[43m,[49m[43m [49m[43mload_glyph_flags[49m[43m)[49m

[36mFile [39m[32m~/mark_env/env/py_3116_diversity_dake/lib/python3.11/site-packages/matplotlib/mathtext.py:100[39m, in [36mMathTextParser._parse_cached[39m[34m(self, s, dpi, prop, antialiased, load_glyph_flags)[39m
[32m     97[39m [38;5;28;01mif[39;00m [38;5;28mself[39m._parser [38;5;129;01mis[39;00m [38;5;28;01mNone[39;00m:  [38;5;66;03m# Cache the parser globally.[39;00m
[32m     98[39m     [38;5;28mself[39m.[34m__class__[39m._parser = _mathtext.Parser()
[32m--> [39m[32m100[39m box = [38;5;28;43mself[39;49m[43m.[49m[43m_parser[49m[43m.[49m[43mparse[49m[43m([49m[43ms[49m[43m,[49m[43m [49m[43mfontset[49m[43m,[49m[43m [49m[43mfontsize[49m[43m,[49m[43m [49m[43mdpi[49m[43m)[49m
[32m    101[39m output = _mathtext.ship(box)
[32m    102[39m [38;5;28;01mif[39;00m [38;5;28mself[39m._output_type == [33m"[39m[33mvector[39m[33m"[39m:

[36mFile [39m[32m~/mark_env/env/py_3116_diversity_dake/lib/python3.11/site-packages/matplotlib/_mathtext.py:2167[39m, in [36mParser.parse[39m[34m(self, s, fonts_object, fontsize, dpi)[39m
[32m   2164[39m     result = [38;5;28mself[39m._expression.parse_string(s)
[32m   2165[39m [38;5;28;01mexcept[39;00m ParseBaseException [38;5;28;01mas[39;00m err:
[32m   2166[39m     [38;5;66;03m# explain becomes a plain method on pyparsing 3 (err.explain(0)).[39;00m
[32m-> [39m[32m2167[39m     [38;5;28;01mraise[39;00m [38;5;167;01mValueError[39;00m([33m"[39m[38;5;130;01m\n[39;00m[33m"[39m + ParseException.explain(err, [32m0[39m)) [38;5;28;01mfrom[39;00m[38;5;250m [39m[38;5;28;01mNone[39;00m
[32m   2168[39m [38;5;28mself[39m._state_stack = []
[32m   2169[39m [38;5;28mself[39m._in_subscript_or_superscript = [38;5;28;01mFalse[39;00m

[31mValueError[39m: 
$r=1$, final KL $pprox 0.5544$
                ^
ParseException: Expected end of text, found '$'  (at char 16), (line:1, col:17)

